Archive member included because of file (symbol)

C:\Users\LUIGI\Documents\LPCXpresso_6.1.4_194\workspace2\Lib_CMSISv1p30_LPC17xx\Debug\libCMSISv1p30_LPC17xx.a(system_LPC17xx.o)
                              ./src/cr_startup_lpc17.o (SystemInit)
C:\Users\LUIGI\Documents\LPCXpresso_6.1.4_194\workspace2\Lib_EaBaseBoard\Debug\libLib_EaBaseBoard.a(joystick.o)
                              ./src/main.o (joystick_init)
C:\Users\LUIGI\Documents\LPCXpresso_6.1.4_194\workspace2\Lib_EaBaseBoard\Debug\libLib_EaBaseBoard.a(rgb.o)
                              ./src/main.o (rgb_init)
C:\Users\LUIGI\Documents\LPCXpresso_6.1.4_194\workspace2\Lib_MCU\Debug\libLib_MCU.a(lpc17xx_gpio.o)
                              C:\Users\LUIGI\Documents\LPCXpresso_6.1.4_194\workspace2\Lib_EaBaseBoard\Debug\libLib_EaBaseBoard.a(joystick.o) (GPIO_SetDir)
C:\Users\LUIGI\Documents\LPCXpresso_6.1.4_194\workspace2\Lib_MCU\Debug\libLib_MCU.a(lpc17xx_timer.o)
                              ./src/main.o (Timer0_Wait)
C:\Users\LUIGI\Documents\LPCXpresso_6.1.4_194\workspace2\Lib_MCU\Debug\libLib_MCU.a(lpc17xx_clkpwr.o)
                              C:\Users\LUIGI\Documents\LPCXpresso_6.1.4_194\workspace2\Lib_MCU\Debug\libLib_MCU.a(lpc17xx_timer.o) (CLKPWR_SetPCLKDiv)
c:/nxp/lpcxpresso_6.1.4_194/lpcxpresso/tools/bin/../lib/gcc/arm-none-eabi/4.6.2/armv7-m\libgcc.a(_aeabi_uldivmod.o)
                              C:\Users\LUIGI\Documents\LPCXpresso_6.1.4_194\workspace2\Lib_CMSISv1p30_LPC17xx\Debug\libCMSISv1p30_LPC17xx.a(system_LPC17xx.o) (__aeabi_uldivmod)
c:/nxp/lpcxpresso_6.1.4_194/lpcxpresso/tools/bin/../lib/gcc/arm-none-eabi/4.6.2/armv7-m\libgcc.a(bpabi.o)
                              c:/nxp/lpcxpresso_6.1.4_194/lpcxpresso/tools/bin/../lib/gcc/arm-none-eabi/4.6.2/armv7-m\libgcc.a(_aeabi_uldivmod.o) (__gnu_uldivmod_helper)
c:/nxp/lpcxpresso_6.1.4_194/lpcxpresso/tools/bin/../lib/gcc/arm-none-eabi/4.6.2/armv7-m\libgcc.a(_dvmd_tls.o)
                              c:/nxp/lpcxpresso_6.1.4_194/lpcxpresso/tools/bin/../lib/gcc/arm-none-eabi/4.6.2/armv7-m\libgcc.a(_aeabi_uldivmod.o) (__aeabi_ldiv0)
c:/nxp/lpcxpresso_6.1.4_194/lpcxpresso/tools/bin/../lib/gcc/arm-none-eabi/4.6.2/armv7-m\libgcc.a(_divdi3.o)
                              c:/nxp/lpcxpresso_6.1.4_194/lpcxpresso/tools/bin/../lib/gcc/arm-none-eabi/4.6.2/armv7-m\libgcc.a(bpabi.o) (__divdi3)
c:/nxp/lpcxpresso_6.1.4_194/lpcxpresso/tools/bin/../lib/gcc/arm-none-eabi/4.6.2/armv7-m\libgcc.a(_udivdi3.o)
                              c:/nxp/lpcxpresso_6.1.4_194/lpcxpresso/tools/bin/../lib/gcc/arm-none-eabi/4.6.2/armv7-m\libgcc.a(bpabi.o) (__udivdi3)

Discarded input sections

 .text          0x00000000        0x0 ./src/cr_startup_lpc17.o
 .data          0x00000000        0x0 ./src/cr_startup_lpc17.o
 .bss           0x00000000        0x0 ./src/cr_startup_lpc17.o
 .text          0x00000000        0x0 ./src/main.o
 .data          0x00000000        0x0 ./src/main.o
 .bss           0x00000000        0x0 ./src/main.o
 .text          0x00000000        0x0 C:\Users\LUIGI\Documents\LPCXpresso_6.1.4_194\workspace2\Lib_CMSISv1p30_LPC17xx\Debug\libCMSISv1p30_LPC17xx.a(system_LPC17xx.o)
 .bss           0x00000000        0x0 C:\Users\LUIGI\Documents\LPCXpresso_6.1.4_194\workspace2\Lib_CMSISv1p30_LPC17xx\Debug\libCMSISv1p30_LPC17xx.a(system_LPC17xx.o)
 .text.SystemCoreClockUpdate
                0x00000000      0x2d0 C:\Users\LUIGI\Documents\LPCXpresso_6.1.4_194\workspace2\Lib_CMSISv1p30_LPC17xx\Debug\libCMSISv1p30_LPC17xx.a(system_LPC17xx.o)
 .text          0x00000000        0x0 C:\Users\LUIGI\Documents\LPCXpresso_6.1.4_194\workspace2\Lib_EaBaseBoard\Debug\libLib_EaBaseBoard.a(joystick.o)
 .data          0x00000000        0x0 C:\Users\LUIGI\Documents\LPCXpresso_6.1.4_194\workspace2\Lib_EaBaseBoard\Debug\libLib_EaBaseBoard.a(joystick.o)
 .bss           0x00000000        0x0 C:\Users\LUIGI\Documents\LPCXpresso_6.1.4_194\workspace2\Lib_EaBaseBoard\Debug\libLib_EaBaseBoard.a(joystick.o)
 .text          0x00000000        0x0 C:\Users\LUIGI\Documents\LPCXpresso_6.1.4_194\workspace2\Lib_EaBaseBoard\Debug\libLib_EaBaseBoard.a(rgb.o)
 .data          0x00000000        0x0 C:\Users\LUIGI\Documents\LPCXpresso_6.1.4_194\workspace2\Lib_EaBaseBoard\Debug\libLib_EaBaseBoard.a(rgb.o)
 .bss           0x00000000        0x0 C:\Users\LUIGI\Documents\LPCXpresso_6.1.4_194\workspace2\Lib_EaBaseBoard\Debug\libLib_EaBaseBoard.a(rgb.o)
 .text          0x00000000        0x0 C:\Users\LUIGI\Documents\LPCXpresso_6.1.4_194\workspace2\Lib_MCU\Debug\libLib_MCU.a(lpc17xx_gpio.o)
 .data          0x00000000        0x0 C:\Users\LUIGI\Documents\LPCXpresso_6.1.4_194\workspace2\Lib_MCU\Debug\libLib_MCU.a(lpc17xx_gpio.o)
 .bss           0x00000000        0x0 C:\Users\LUIGI\Documents\LPCXpresso_6.1.4_194\workspace2\Lib_MCU\Debug\libLib_MCU.a(lpc17xx_gpio.o)
 .text.FIO_HalfWordGetPointer
                0x00000000       0x7c C:\Users\LUIGI\Documents\LPCXpresso_6.1.4_194\workspace2\Lib_MCU\Debug\libLib_MCU.a(lpc17xx_gpio.o)
 .text.FIO_ByteGetPointer
                0x00000000       0x7c C:\Users\LUIGI\Documents\LPCXpresso_6.1.4_194\workspace2\Lib_MCU\Debug\libLib_MCU.a(lpc17xx_gpio.o)
 .text.GPIO_IntCmd
                0x00000000       0x84 C:\Users\LUIGI\Documents\LPCXpresso_6.1.4_194\workspace2\Lib_MCU\Debug\libLib_MCU.a(lpc17xx_gpio.o)
 .text.GPIO_GetIntStatus
                0x00000000       0xc0 C:\Users\LUIGI\Documents\LPCXpresso_6.1.4_194\workspace2\Lib_MCU\Debug\libLib_MCU.a(lpc17xx_gpio.o)
 .text.GPIO_ClearInt
                0x00000000       0x40 C:\Users\LUIGI\Documents\LPCXpresso_6.1.4_194\workspace2\Lib_MCU\Debug\libLib_MCU.a(lpc17xx_gpio.o)
 .text.FIO_SetDir
                0x00000000       0x28 C:\Users\LUIGI\Documents\LPCXpresso_6.1.4_194\workspace2\Lib_MCU\Debug\libLib_MCU.a(lpc17xx_gpio.o)
 .text.FIO_SetValue
                0x00000000       0x20 C:\Users\LUIGI\Documents\LPCXpresso_6.1.4_194\workspace2\Lib_MCU\Debug\libLib_MCU.a(lpc17xx_gpio.o)
 .text.FIO_ClearValue
                0x00000000       0x20 C:\Users\LUIGI\Documents\LPCXpresso_6.1.4_194\workspace2\Lib_MCU\Debug\libLib_MCU.a(lpc17xx_gpio.o)
 .text.FIO_ReadValue
                0x00000000       0x20 C:\Users\LUIGI\Documents\LPCXpresso_6.1.4_194\workspace2\Lib_MCU\Debug\libLib_MCU.a(lpc17xx_gpio.o)
 .text.FIO_IntCmd
                0x00000000       0x28 C:\Users\LUIGI\Documents\LPCXpresso_6.1.4_194\workspace2\Lib_MCU\Debug\libLib_MCU.a(lpc17xx_gpio.o)
 .text.FIO_GetIntStatus
                0x00000000       0x2c C:\Users\LUIGI\Documents\LPCXpresso_6.1.4_194\workspace2\Lib_MCU\Debug\libLib_MCU.a(lpc17xx_gpio.o)
 .text.FIO_ClearInt
                0x00000000       0x20 C:\Users\LUIGI\Documents\LPCXpresso_6.1.4_194\workspace2\Lib_MCU\Debug\libLib_MCU.a(lpc17xx_gpio.o)
 .text.FIO_SetMask
                0x00000000       0x54 C:\Users\LUIGI\Documents\LPCXpresso_6.1.4_194\workspace2\Lib_MCU\Debug\libLib_MCU.a(lpc17xx_gpio.o)
 .text.FIO_HalfWordSetDir
                0x00000000       0x94 C:\Users\LUIGI\Documents\LPCXpresso_6.1.4_194\workspace2\Lib_MCU\Debug\libLib_MCU.a(lpc17xx_gpio.o)
 .text.FIO_HalfWordSetMask
                0x00000000       0x94 C:\Users\LUIGI\Documents\LPCXpresso_6.1.4_194\workspace2\Lib_MCU\Debug\libLib_MCU.a(lpc17xx_gpio.o)
 .text.FIO_HalfWordSetValue
                0x00000000       0x40 C:\Users\LUIGI\Documents\LPCXpresso_6.1.4_194\workspace2\Lib_MCU\Debug\libLib_MCU.a(lpc17xx_gpio.o)
 .text.FIO_HalfWordClearValue
                0x00000000       0x40 C:\Users\LUIGI\Documents\LPCXpresso_6.1.4_194\workspace2\Lib_MCU\Debug\libLib_MCU.a(lpc17xx_gpio.o)
 .text.FIO_HalfWordReadValue
                0x00000000       0x44 C:\Users\LUIGI\Documents\LPCXpresso_6.1.4_194\workspace2\Lib_MCU\Debug\libLib_MCU.a(lpc17xx_gpio.o)
 .text.FIO_ByteSetDir
                0x00000000       0x70 C:\Users\LUIGI\Documents\LPCXpresso_6.1.4_194\workspace2\Lib_MCU\Debug\libLib_MCU.a(lpc17xx_gpio.o)
 .text.FIO_ByteSetMask
                0x00000000       0x78 C:\Users\LUIGI\Documents\LPCXpresso_6.1.4_194\workspace2\Lib_MCU\Debug\libLib_MCU.a(lpc17xx_gpio.o)
 .text.FIO_ByteSetValue
                0x00000000       0x3c C:\Users\LUIGI\Documents\LPCXpresso_6.1.4_194\workspace2\Lib_MCU\Debug\libLib_MCU.a(lpc17xx_gpio.o)
 .text.FIO_ByteClearValue
                0x00000000       0x3c C:\Users\LUIGI\Documents\LPCXpresso_6.1.4_194\workspace2\Lib_MCU\Debug\libLib_MCU.a(lpc17xx_gpio.o)
 .text.FIO_ByteReadValue
                0x00000000       0x40 C:\Users\LUIGI\Documents\LPCXpresso_6.1.4_194\workspace2\Lib_MCU\Debug\libLib_MCU.a(lpc17xx_gpio.o)
 .text          0x00000000        0x0 C:\Users\LUIGI\Documents\LPCXpresso_6.1.4_194\workspace2\Lib_MCU\Debug\libLib_MCU.a(lpc17xx_timer.o)
 .data          0x00000000        0x0 C:\Users\LUIGI\Documents\LPCXpresso_6.1.4_194\workspace2\Lib_MCU\Debug\libLib_MCU.a(lpc17xx_timer.o)
 .bss           0x00000000        0x0 C:\Users\LUIGI\Documents\LPCXpresso_6.1.4_194\workspace2\Lib_MCU\Debug\libLib_MCU.a(lpc17xx_timer.o)
 .text.TIM_GetIntCaptureStatus
                0x00000000       0xb8 C:\Users\LUIGI\Documents\LPCXpresso_6.1.4_194\workspace2\Lib_MCU\Debug\libLib_MCU.a(lpc17xx_timer.o)
 .text.TIM_ClearIntCapturePending
                0x00000000       0xa0 C:\Users\LUIGI\Documents\LPCXpresso_6.1.4_194\workspace2\Lib_MCU\Debug\libLib_MCU.a(lpc17xx_timer.o)
 .text.TIM_ConfigStructInit
                0x00000000       0x40 C:\Users\LUIGI\Documents\LPCXpresso_6.1.4_194\workspace2\Lib_MCU\Debug\libLib_MCU.a(lpc17xx_timer.o)
 .text.TIM_DeInit
                0x00000000       0xc4 C:\Users\LUIGI\Documents\LPCXpresso_6.1.4_194\workspace2\Lib_MCU\Debug\libLib_MCU.a(lpc17xx_timer.o)
 .text.TIM_ResetCounter
                0x00000000       0x6c C:\Users\LUIGI\Documents\LPCXpresso_6.1.4_194\workspace2\Lib_MCU\Debug\libLib_MCU.a(lpc17xx_timer.o)
 .text.TIM_UpdateMatchValue
                0x00000000       0x98 C:\Users\LUIGI\Documents\LPCXpresso_6.1.4_194\workspace2\Lib_MCU\Debug\libLib_MCU.a(lpc17xx_timer.o)
 .text.TIM_ConfigCapture
                0x00000000      0x108 C:\Users\LUIGI\Documents\LPCXpresso_6.1.4_194\workspace2\Lib_MCU\Debug\libLib_MCU.a(lpc17xx_timer.o)
 .text.TIM_GetCaptureValue
                0x00000000       0x84 C:\Users\LUIGI\Documents\LPCXpresso_6.1.4_194\workspace2\Lib_MCU\Debug\libLib_MCU.a(lpc17xx_timer.o)
 .text.Timer0_us_Wait
                0x00000000       0x8c C:\Users\LUIGI\Documents\LPCXpresso_6.1.4_194\workspace2\Lib_MCU\Debug\libLib_MCU.a(lpc17xx_timer.o)
 .text          0x00000000        0x0 C:\Users\LUIGI\Documents\LPCXpresso_6.1.4_194\workspace2\Lib_MCU\Debug\libLib_MCU.a(lpc17xx_clkpwr.o)
 .data          0x00000000        0x0 C:\Users\LUIGI\Documents\LPCXpresso_6.1.4_194\workspace2\Lib_MCU\Debug\libLib_MCU.a(lpc17xx_clkpwr.o)
 .bss           0x00000000        0x0 C:\Users\LUIGI\Documents\LPCXpresso_6.1.4_194\workspace2\Lib_MCU\Debug\libLib_MCU.a(lpc17xx_clkpwr.o)
 .text.__WFI    0x00000000        0xc C:\Users\LUIGI\Documents\LPCXpresso_6.1.4_194\workspace2\Lib_MCU\Debug\libLib_MCU.a(lpc17xx_clkpwr.o)
 .text.CLKPWR_Sleep
                0x00000000       0x1c C:\Users\LUIGI\Documents\LPCXpresso_6.1.4_194\workspace2\Lib_MCU\Debug\libLib_MCU.a(lpc17xx_clkpwr.o)
 .text.CLKPWR_DeepSleep
                0x00000000       0x28 C:\Users\LUIGI\Documents\LPCXpresso_6.1.4_194\workspace2\Lib_MCU\Debug\libLib_MCU.a(lpc17xx_clkpwr.o)
 .text.CLKPWR_PowerDown
                0x00000000       0x28 C:\Users\LUIGI\Documents\LPCXpresso_6.1.4_194\workspace2\Lib_MCU\Debug\libLib_MCU.a(lpc17xx_clkpwr.o)
 .text.CLKPWR_DeepPowerDown
                0x00000000       0x28 C:\Users\LUIGI\Documents\LPCXpresso_6.1.4_194\workspace2\Lib_MCU\Debug\libLib_MCU.a(lpc17xx_clkpwr.o)
 .data          0x00000000        0x0 c:/nxp/lpcxpresso_6.1.4_194/lpcxpresso/tools/bin/../lib/gcc/arm-none-eabi/4.6.2/armv7-m\libgcc.a(_aeabi_uldivmod.o)
 .bss           0x00000000        0x0 c:/nxp/lpcxpresso_6.1.4_194/lpcxpresso/tools/bin/../lib/gcc/arm-none-eabi/4.6.2/armv7-m\libgcc.a(_aeabi_uldivmod.o)
 .data          0x00000000        0x0 c:/nxp/lpcxpresso_6.1.4_194/lpcxpresso/tools/bin/../lib/gcc/arm-none-eabi/4.6.2/armv7-m\libgcc.a(bpabi.o)
 .bss           0x00000000        0x0 c:/nxp/lpcxpresso_6.1.4_194/lpcxpresso/tools/bin/../lib/gcc/arm-none-eabi/4.6.2/armv7-m\libgcc.a(bpabi.o)
 .data          0x00000000        0x0 c:/nxp/lpcxpresso_6.1.4_194/lpcxpresso/tools/bin/../lib/gcc/arm-none-eabi/4.6.2/armv7-m\libgcc.a(_dvmd_tls.o)
 .bss           0x00000000        0x0 c:/nxp/lpcxpresso_6.1.4_194/lpcxpresso/tools/bin/../lib/gcc/arm-none-eabi/4.6.2/armv7-m\libgcc.a(_dvmd_tls.o)
 .data          0x00000000        0x0 c:/nxp/lpcxpresso_6.1.4_194/lpcxpresso/tools/bin/../lib/gcc/arm-none-eabi/4.6.2/armv7-m\libgcc.a(_divdi3.o)
 .bss           0x00000000        0x0 c:/nxp/lpcxpresso_6.1.4_194/lpcxpresso/tools/bin/../lib/gcc/arm-none-eabi/4.6.2/armv7-m\libgcc.a(_divdi3.o)
 .ARM.extab     0x00000000        0x0 c:/nxp/lpcxpresso_6.1.4_194/lpcxpresso/tools/bin/../lib/gcc/arm-none-eabi/4.6.2/armv7-m\libgcc.a(_divdi3.o)
 .data          0x00000000        0x0 c:/nxp/lpcxpresso_6.1.4_194/lpcxpresso/tools/bin/../lib/gcc/arm-none-eabi/4.6.2/armv7-m\libgcc.a(_udivdi3.o)
 .bss           0x00000000        0x0 c:/nxp/lpcxpresso_6.1.4_194/lpcxpresso/tools/bin/../lib/gcc/arm-none-eabi/4.6.2/armv7-m\libgcc.a(_udivdi3.o)
 .ARM.extab     0x00000000        0x0 c:/nxp/lpcxpresso_6.1.4_194/lpcxpresso/tools/bin/../lib/gcc/arm-none-eabi/4.6.2/armv7-m\libgcc.a(_udivdi3.o)

Memory Configuration

Name             Origin             Length             Attributes
MFlash512        0x00000000         0x00080000         xr
RamLoc32         0x10000000         0x00008000         xrw
RamAHB32         0x2007c000         0x00008000         xrw
*default*        0x00000000         0xffffffff

Linker script and memory map

LOAD ./src/cr_startup_lpc17.o
LOAD ./src/main.o
LOAD C:\Users\LUIGI\Documents\LPCXpresso_6.1.4_194\workspace2\Lib_CMSISv1p30_LPC17xx\Debug\libCMSISv1p30_LPC17xx.a
LOAD C:\Users\LUIGI\Documents\LPCXpresso_6.1.4_194\workspace2\Lib_EaBaseBoard\Debug\libLib_EaBaseBoard.a
LOAD C:\Users\LUIGI\Documents\LPCXpresso_6.1.4_194\workspace2\Lib_MCU\Debug\libLib_MCU.a
START GROUP
LOAD c:/nxp/lpcxpresso_6.1.4_194/lpcxpresso/tools/bin/../lib/gcc/arm-none-eabi/4.6.2/armv7-m\libgcc.a
LOAD c:/nxp/lpcxpresso_6.1.4_194/lpcxpresso/tools/bin/../lib/gcc/arm-none-eabi/4.6.2/../../../../arm-none-eabi/lib/armv7-m\libc.a
LOAD c:/nxp/lpcxpresso_6.1.4_194/lpcxpresso/tools/bin/../lib/gcc/arm-none-eabi/4.6.2/../../../../arm-none-eabi/lib/armv7-m\libm.a
LOAD c:/nxp/lpcxpresso_6.1.4_194/lpcxpresso/tools/bin/../lib/gcc/arm-none-eabi/4.6.2/../../../../arm-none-eabi/lib/armv7-m\libcr_newlib_semihost.a
END GROUP
                0x00080000                __top_MFlash512 = 0x80000
                0x10008000                __top_RamLoc32 = 0x10008000
                0x20084000                __top_RamAHB32 = 0x20084000

.text           0x00000000     0x1740
 FILL mask 0xff
                0x00000000                __vectors_start__ = ABSOLUTE (.)
 *(.isr_vector)
 .isr_vector    0x00000000       0xcc ./src/cr_startup_lpc17.o
                0x00000000                g_pfnVectors
                0x000000cc                . = ALIGN (0x4)
                0x000000cc                __section_table_start = .
                0x000000cc                __data_section_table = .
                0x000000cc        0x4 LONG 0x1748 LOADADDR (.data)
                0x000000d0        0x4 LONG 0x10000000 ADDR (.data)
                0x000000d4        0x4 LONG 0x4 SIZEOF (.data)
                0x000000d8        0x4 LONG 0x1748 LOADADDR (.data_RAM2)
                0x000000dc        0x4 LONG 0x2007c000 ADDR (.data_RAM2)
                0x000000e0        0x4 LONG 0x0 SIZEOF (.data_RAM2)
                0x000000e4                __data_section_table_end = .
                0x000000e4                __bss_section_table = .
                0x000000e4        0x4 LONG 0x10000004 ADDR (.bss)
                0x000000e8        0x4 LONG 0x0 SIZEOF (.bss)
                0x000000ec        0x4 LONG 0x2007c000 ADDR (.bss_RAM2)
                0x000000f0        0x4 LONG 0x0 SIZEOF (.bss_RAM2)
                0x000000f4                __bss_section_table_end = .
                0x000000f4                __section_table_end = .
 *(.after_vectors*)
 *(.text*)
 .text.ResetISR
                0x000000f4       0x68 ./src/cr_startup_lpc17.o
                0x000000f4                ResetISR
 .text.NMI_Handler
                0x0000015c        0x8 ./src/cr_startup_lpc17.o
                0x0000015c                NMI_Handler
 .text.HardFault_Handler
                0x00000164        0x8 ./src/cr_startup_lpc17.o
                0x00000164                HardFault_Handler
 .text.MemManage_Handler
                0x0000016c        0x8 ./src/cr_startup_lpc17.o
                0x0000016c                MemManage_Handler
 .text.BusFault_Handler
                0x00000174        0x8 ./src/cr_startup_lpc17.o
                0x00000174                BusFault_Handler
 .text.UsageFault_Handler
                0x0000017c        0x8 ./src/cr_startup_lpc17.o
                0x0000017c                UsageFault_Handler
 .text.SVCall_Handler
                0x00000184        0x8 ./src/cr_startup_lpc17.o
                0x00000184                SVCall_Handler
 .text.DebugMon_Handler
                0x0000018c        0x8 ./src/cr_startup_lpc17.o
                0x0000018c                DebugMon_Handler
 .text.PendSV_Handler
                0x00000194        0x8 ./src/cr_startup_lpc17.o
                0x00000194                PendSV_Handler
 .text.SysTick_Handler
                0x0000019c        0x8 ./src/cr_startup_lpc17.o
                0x0000019c                SysTick_Handler
 .text.IntDefaultHandler
                0x000001a4        0x8 ./src/cr_startup_lpc17.o
                0x000001a4                TIMER2_IRQHandler
                0x000001a4                RIT_IRQHandler
                0x000001a4                I2C0_IRQHandler
                0x000001a4                USBActivity_IRQHandler
                0x000001a4                PWM1_IRQHandler
                0x000001a4                I2C1_IRQHandler
                0x000001a4                EINT2_IRQHandler
                0x000001a4                UART1_IRQHandler
                0x000001a4                EINT3_IRQHandler
                0x000001a4                CANActivity_IRQHandler
                0x000001a4                TIMER3_IRQHandler
                0x000001a4                UART0_IRQHandler
                0x000001a4                IntDefaultHandler
                0x000001a4                PLL0_IRQHandler
                0x000001a4                CAN_IRQHandler
                0x000001a4                PLL1_IRQHandler
                0x000001a4                SSP0_IRQHandler
                0x000001a4                I2S_IRQHandler
                0x000001a4                I2C2_IRQHandler
                0x000001a4                RTC_IRQHandler
                0x000001a4                TIMER0_IRQHandler
                0x000001a4                SPI_IRQHandler
                0x000001a4                EINT1_IRQHandler
                0x000001a4                TIMER1_IRQHandler
                0x000001a4                UART2_IRQHandler
                0x000001a4                ADC_IRQHandler
                0x000001a4                SSP1_IRQHandler
                0x000001a4                USB_IRQHandler
                0x000001a4                BOD_IRQHandler
                0x000001a4                WDT_IRQHandler
                0x000001a4                QEI_IRQHandler
                0x000001a4                EINT0_IRQHandler
                0x000001a4                DMA_IRQHandler
                0x000001a4                UART3_IRQHandler
                0x000001a4                MCPWM_IRQHandler
                0x000001a4                ENET_IRQHandler
 .text.main     0x000001ac      0x158 ./src/main.o
                0x000001ac                main
 .text.check_failed
                0x00000304        0xc ./src/main.o
                0x00000304                check_failed
 .text.SystemInit
                0x00000310      0x22c C:\Users\LUIGI\Documents\LPCXpresso_6.1.4_194\workspace2\Lib_CMSISv1p30_LPC17xx\Debug\libCMSISv1p30_LPC17xx.a(system_LPC17xx.o)
                0x00000310                SystemInit
 .text.joystick_init
                0x0000053c       0x28 C:\Users\LUIGI\Documents\LPCXpresso_6.1.4_194\workspace2\Lib_EaBaseBoard\Debug\libLib_EaBaseBoard.a(joystick.o)
                0x0000053c                joystick_init
 .text.joystick_read
                0x00000564       0x98 C:\Users\LUIGI\Documents\LPCXpresso_6.1.4_194\workspace2\Lib_EaBaseBoard\Debug\libLib_EaBaseBoard.a(joystick.o)
                0x00000564                joystick_read
 .text.rgb_init
                0x000005fc       0x38 C:\Users\LUIGI\Documents\LPCXpresso_6.1.4_194\workspace2\Lib_EaBaseBoard\Debug\libLib_EaBaseBoard.a(rgb.o)
                0x000005fc                rgb_init
 .text.rgb_setLeds
                0x00000634       0x80 C:\Users\LUIGI\Documents\LPCXpresso_6.1.4_194\workspace2\Lib_EaBaseBoard\Debug\libLib_EaBaseBoard.a(rgb.o)
                0x00000634                rgb_setLeds
 .text.GPIO_GetPointer
                0x000006b4       0x7c C:\Users\LUIGI\Documents\LPCXpresso_6.1.4_194\workspace2\Lib_MCU\Debug\libLib_MCU.a(lpc17xx_gpio.o)
 .text.GPIO_SetDir
                0x00000730       0x54 C:\Users\LUIGI\Documents\LPCXpresso_6.1.4_194\workspace2\Lib_MCU\Debug\libLib_MCU.a(lpc17xx_gpio.o)
                0x00000730                GPIO_SetDir
 .text.GPIO_SetValue
                0x00000784       0x2c C:\Users\LUIGI\Documents\LPCXpresso_6.1.4_194\workspace2\Lib_MCU\Debug\libLib_MCU.a(lpc17xx_gpio.o)
                0x00000784                GPIO_SetValue
 .text.GPIO_ClearValue
                0x000007b0       0x2c C:\Users\LUIGI\Documents\LPCXpresso_6.1.4_194\workspace2\Lib_MCU\Debug\libLib_MCU.a(lpc17xx_gpio.o)
                0x000007b0                GPIO_ClearValue
 .text.GPIO_ReadValue
                0x000007dc       0x30 C:\Users\LUIGI\Documents\LPCXpresso_6.1.4_194\workspace2\Lib_MCU\Debug\libLib_MCU.a(lpc17xx_gpio.o)
                0x000007dc                GPIO_ReadValue
 .text.getPClock
                0x0000080c       0x68 C:\Users\LUIGI\Documents\LPCXpresso_6.1.4_194\workspace2\Lib_MCU\Debug\libLib_MCU.a(lpc17xx_timer.o)
 .text.converUSecToVal
                0x00000874       0x64 C:\Users\LUIGI\Documents\LPCXpresso_6.1.4_194\workspace2\Lib_MCU\Debug\libLib_MCU.a(lpc17xx_timer.o)
 .text.converPtrToTimeNum
                0x000008d8       0x6c C:\Users\LUIGI\Documents\LPCXpresso_6.1.4_194\workspace2\Lib_MCU\Debug\libLib_MCU.a(lpc17xx_timer.o)
 .text.TIM_GetIntStatus
                0x00000944       0xb4 C:\Users\LUIGI\Documents\LPCXpresso_6.1.4_194\workspace2\Lib_MCU\Debug\libLib_MCU.a(lpc17xx_timer.o)
                0x00000944                TIM_GetIntStatus
 .text.TIM_ClearIntPending
                0x000009f8       0x9c C:\Users\LUIGI\Documents\LPCXpresso_6.1.4_194\workspace2\Lib_MCU\Debug\libLib_MCU.a(lpc17xx_timer.o)
                0x000009f8                TIM_ClearIntPending
 .text.TIM_Init
                0x00000a94      0x1cc C:\Users\LUIGI\Documents\LPCXpresso_6.1.4_194\workspace2\Lib_MCU\Debug\libLib_MCU.a(lpc17xx_timer.o)
                0x00000a94                TIM_Init
 .text.TIM_Cmd  0x00000c60       0x78 C:\Users\LUIGI\Documents\LPCXpresso_6.1.4_194\workspace2\Lib_MCU\Debug\libLib_MCU.a(lpc17xx_timer.o)
                0x00000c60                TIM_Cmd
 .text.TIM_ConfigMatch
                0x00000cd8      0x1cc C:\Users\LUIGI\Documents\LPCXpresso_6.1.4_194\workspace2\Lib_MCU\Debug\libLib_MCU.a(lpc17xx_timer.o)
                0x00000cd8                TIM_ConfigMatch
 .text.Timer0_Wait
                0x00000ea4       0x8c C:\Users\LUIGI\Documents\LPCXpresso_6.1.4_194\workspace2\Lib_MCU\Debug\libLib_MCU.a(lpc17xx_timer.o)
                0x00000ea4                Timer0_Wait
 .text.CLKPWR_SetPCLKDiv
                0x00000f30       0xcc C:\Users\LUIGI\Documents\LPCXpresso_6.1.4_194\workspace2\Lib_MCU\Debug\libLib_MCU.a(lpc17xx_clkpwr.o)
                0x00000f30                CLKPWR_SetPCLKDiv
 .text.CLKPWR_GetPCLKSEL
                0x00000ffc       0x54 C:\Users\LUIGI\Documents\LPCXpresso_6.1.4_194\workspace2\Lib_MCU\Debug\libLib_MCU.a(lpc17xx_clkpwr.o)
                0x00000ffc                CLKPWR_GetPCLKSEL
 .text.CLKPWR_GetPCLK
                0x00001050       0x74 C:\Users\LUIGI\Documents\LPCXpresso_6.1.4_194\workspace2\Lib_MCU\Debug\libLib_MCU.a(lpc17xx_clkpwr.o)
                0x00001050                CLKPWR_GetPCLK
 .text.CLKPWR_ConfigPPWR
                0x000010c4       0x78 C:\Users\LUIGI\Documents\LPCXpresso_6.1.4_194\workspace2\Lib_MCU\Debug\libLib_MCU.a(lpc17xx_clkpwr.o)
                0x000010c4                CLKPWR_ConfigPPWR
 .text          0x0000113c       0x2c c:/nxp/lpcxpresso_6.1.4_194/lpcxpresso/tools/bin/../lib/gcc/arm-none-eabi/4.6.2/armv7-m\libgcc.a(_aeabi_uldivmod.o)
                0x0000113c                __aeabi_uldivmod
 .text          0x00001168       0x5c c:/nxp/lpcxpresso_6.1.4_194/lpcxpresso/tools/bin/../lib/gcc/arm-none-eabi/4.6.2/armv7-m\libgcc.a(bpabi.o)
                0x00001168                __gnu_ldivmod_helper
                0x00001198                __gnu_uldivmod_helper
 .text          0x000011c4        0x4 c:/nxp/lpcxpresso_6.1.4_194/lpcxpresso/tools/bin/../lib/gcc/arm-none-eabi/4.6.2/armv7-m\libgcc.a(_dvmd_tls.o)
                0x000011c4                __aeabi_idiv0
                0x000011c4                __aeabi_ldiv0
 .text          0x000011c8      0x2c8 c:/nxp/lpcxpresso_6.1.4_194/lpcxpresso/tools/bin/../lib/gcc/arm-none-eabi/4.6.2/armv7-m\libgcc.a(_divdi3.o)
                0x000011c8                __divdi3
 .text          0x00001490      0x298 c:/nxp/lpcxpresso_6.1.4_194/lpcxpresso/tools/bin/../lib/gcc/arm-none-eabi/4.6.2/armv7-m\libgcc.a(_udivdi3.o)
                0x00001490                __udivdi3
 *(.rodata .rodata.* .constdata .constdata.*)
 .rodata        0x00001728       0x18 C:\Users\LUIGI\Documents\LPCXpresso_6.1.4_194\workspace2\Lib_MCU\Debug\libLib_MCU.a(lpc17xx_timer.o)
                0x00001740                . = ALIGN (0x4)

.glue_7         0x00001740        0x0
 .glue_7        0x00000000        0x0 linker stubs

.glue_7t        0x00001740        0x0
 .glue_7t       0x00000000        0x0 linker stubs

.vfp11_veneer   0x00001740        0x0
 .vfp11_veneer  0x00000000        0x0 linker stubs

.v4_bx          0x00001740        0x0
 .v4_bx         0x00000000        0x0 linker stubs

.ARM.extab
 *(.ARM.extab* .gnu.linkonce.armextab.*)
                0x00001740                __exidx_start = .

.ARM.exidx      0x00001740        0x8
 *(.ARM.exidx* .gnu.linkonce.armexidx.*)
 .ARM.exidx     0x00001740        0x8 c:/nxp/lpcxpresso_6.1.4_194/lpcxpresso/tools/bin/../lib/gcc/arm-none-eabi/4.6.2/armv7-m\libgcc.a(_divdi3.o)
 .ARM.exidx     0x00001748        0x0 c:/nxp/lpcxpresso_6.1.4_194/lpcxpresso/tools/bin/../lib/gcc/arm-none-eabi/4.6.2/armv7-m\libgcc.a(_udivdi3.o)
                                  0x8 (size before relaxing)
                0x00001748                __exidx_end = .
                0x00001748                _etext = .

.data_RAM2      0x2007c000        0x0 load address 0x00001748
 FILL mask 0xff
 *(.data.$RAM2*)
 *(.data.$RamAHB32*)
                0x2007c000                . = ALIGN (0x4)

.uninit_RESERVED
                0x10000000        0x0
 *(.bss.$RESERVED*)
                0x10000000                . = ALIGN (0x4)
                0x10000000                _end_uninit_RESERVED = .

.data           0x10000000        0x4 load address 0x00001748
 FILL mask 0xff
                0x10000000                _data = .
 *(vtable)
 *(.data*)
 .data          0x10000000        0x4 C:\Users\LUIGI\Documents\LPCXpresso_6.1.4_194\workspace2\Lib_CMSISv1p30_LPC17xx\Debug\libCMSISv1p30_LPC17xx.a(system_LPC17xx.o)
                0x10000000                SystemCoreClock
                0x10000004                . = ALIGN (0x4)
                0x10000004                _edata = .

.bss_RAM2       0x2007c000        0x0
 *(.bss.$RAM2*)
 *(.bss.$RamAHB32*)
                0x2007c000                . = ALIGN (0x4)

.bss            0x10000004        0x0
                0x10000004                _bss = .
 *(.bss*)
 *(COMMON)
                0x10000004                . = ALIGN (0x4)
                0x10000004                _ebss = .
                0x10000004                PROVIDE (end, .)

.noinit_RAM2    0x2007c000        0x0
 *(.noinit.$RAM2*)
 *(.noinit.$RamAHB32*)
                0x2007c000                . = ALIGN (0x4)

.noinit         0x10000004        0x0
                0x10000004                _noinit = .
 *(.noinit*)
                0x10000004                . = ALIGN (0x4)
                0x10000004                _end_noinit = .
                0x10000004                PROVIDE (_pvHeapStart, .)
                0x10008000                PROVIDE (_vStackTop, (__top_RamLoc32 - 0x0))
OUTPUT(rgb_joystick.axf elf32-littlearm)

.debug_info     0x00000000     0x261c
 .debug_info    0x00000000      0x209 ./src/cr_startup_lpc17.o
 .debug_info    0x00000209      0x13e ./src/main.o
 .debug_info    0x00000347      0x357 C:\Users\LUIGI\Documents\LPCXpresso_6.1.4_194\workspace2\Lib_CMSISv1p30_LPC17xx\Debug\libCMSISv1p30_LPC17xx.a(system_LPC17xx.o)
 .debug_info    0x0000069e      0x10f C:\Users\LUIGI\Documents\LPCXpresso_6.1.4_194\workspace2\Lib_EaBaseBoard\Debug\libLib_EaBaseBoard.a(joystick.o)
 .debug_info    0x000007ad       0xe4 C:\Users\LUIGI\Documents\LPCXpresso_6.1.4_194\workspace2\Lib_EaBaseBoard\Debug\libLib_EaBaseBoard.a(rgb.o)
 .debug_info    0x00000891      0xe1a C:\Users\LUIGI\Documents\LPCXpresso_6.1.4_194\workspace2\Lib_MCU\Debug\libLib_MCU.a(lpc17xx_gpio.o)
 .debug_info    0x000016ab      0x930 C:\Users\LUIGI\Documents\LPCXpresso_6.1.4_194\workspace2\Lib_MCU\Debug\libLib_MCU.a(lpc17xx_timer.o)
 .debug_info    0x00001fdb      0x641 C:\Users\LUIGI\Documents\LPCXpresso_6.1.4_194\workspace2\Lib_MCU\Debug\libLib_MCU.a(lpc17xx_clkpwr.o)

.debug_abbrev   0x00000000      0x832
 .debug_abbrev  0x00000000       0xb4 ./src/cr_startup_lpc17.o
 .debug_abbrev  0x000000b4       0xaa ./src/main.o
 .debug_abbrev  0x0000015e       0xce C:\Users\LUIGI\Documents\LPCXpresso_6.1.4_194\workspace2\Lib_CMSISv1p30_LPC17xx\Debug\libCMSISv1p30_LPC17xx.a(system_LPC17xx.o)
 .debug_abbrev  0x0000022c       0x90 C:\Users\LUIGI\Documents\LPCXpresso_6.1.4_194\workspace2\Lib_EaBaseBoard\Debug\libLib_EaBaseBoard.a(joystick.o)
 .debug_abbrev  0x000002bc       0x8e C:\Users\LUIGI\Documents\LPCXpresso_6.1.4_194\workspace2\Lib_EaBaseBoard\Debug\libLib_EaBaseBoard.a(rgb.o)
 .debug_abbrev  0x0000034a      0x1be C:\Users\LUIGI\Documents\LPCXpresso_6.1.4_194\workspace2\Lib_MCU\Debug\libLib_MCU.a(lpc17xx_gpio.o)
 .debug_abbrev  0x00000508      0x1b6 C:\Users\LUIGI\Documents\LPCXpresso_6.1.4_194\workspace2\Lib_MCU\Debug\libLib_MCU.a(lpc17xx_timer.o)
 .debug_abbrev  0x000006be      0x174 C:\Users\LUIGI\Documents\LPCXpresso_6.1.4_194\workspace2\Lib_MCU\Debug\libLib_MCU.a(lpc17xx_clkpwr.o)

.debug_loc      0x00000000      0xf4c
 .debug_loc     0x00000000      0x1f0 ./src/cr_startup_lpc17.o
 .debug_loc     0x000001f0       0x70 ./src/main.o
 .debug_loc     0x00000260       0x58 C:\Users\LUIGI\Documents\LPCXpresso_6.1.4_194\workspace2\Lib_CMSISv1p30_LPC17xx\Debug\libCMSISv1p30_LPC17xx.a(system_LPC17xx.o)
 .debug_loc     0x000002b8       0x64 C:\Users\LUIGI\Documents\LPCXpresso_6.1.4_194\workspace2\Lib_EaBaseBoard\Debug\libLib_EaBaseBoard.a(joystick.o)
 .debug_loc     0x0000031c       0x64 C:\Users\LUIGI\Documents\LPCXpresso_6.1.4_194\workspace2\Lib_EaBaseBoard\Debug\libLib_EaBaseBoard.a(rgb.o)
 .debug_loc     0x00000380      0x620 C:\Users\LUIGI\Documents\LPCXpresso_6.1.4_194\workspace2\Lib_MCU\Debug\libLib_MCU.a(lpc17xx_gpio.o)
 .debug_loc     0x000009a0      0x3f0 C:\Users\LUIGI\Documents\LPCXpresso_6.1.4_194\workspace2\Lib_MCU\Debug\libLib_MCU.a(lpc17xx_timer.o)
 .debug_loc     0x00000d90      0x1bc C:\Users\LUIGI\Documents\LPCXpresso_6.1.4_194\workspace2\Lib_MCU\Debug\libLib_MCU.a(lpc17xx_clkpwr.o)

.debug_aranges  0x00000000      0x310
 .debug_aranges
                0x00000000       0x70 ./src/cr_startup_lpc17.o
 .debug_aranges
                0x00000070       0x28 ./src/main.o
 .debug_aranges
                0x00000098       0x28 C:\Users\LUIGI\Documents\LPCXpresso_6.1.4_194\workspace2\Lib_CMSISv1p30_LPC17xx\Debug\libCMSISv1p30_LPC17xx.a(system_LPC17xx.o)
 .debug_aranges
                0x000000c0       0x28 C:\Users\LUIGI\Documents\LPCXpresso_6.1.4_194\workspace2\Lib_EaBaseBoard\Debug\libLib_EaBaseBoard.a(joystick.o)
 .debug_aranges
                0x000000e8       0x28 C:\Users\LUIGI\Documents\LPCXpresso_6.1.4_194\workspace2\Lib_EaBaseBoard\Debug\libLib_EaBaseBoard.a(rgb.o)
 .debug_aranges
                0x00000110       0xf8 C:\Users\LUIGI\Documents\LPCXpresso_6.1.4_194\workspace2\Lib_MCU\Debug\libLib_MCU.a(lpc17xx_gpio.o)
 .debug_aranges
                0x00000208       0xa8 C:\Users\LUIGI\Documents\LPCXpresso_6.1.4_194\workspace2\Lib_MCU\Debug\libLib_MCU.a(lpc17xx_timer.o)
 .debug_aranges
                0x000002b0       0x60 C:\Users\LUIGI\Documents\LPCXpresso_6.1.4_194\workspace2\Lib_MCU\Debug\libLib_MCU.a(lpc17xx_clkpwr.o)

.debug_ranges   0x00000000      0x290
 .debug_ranges  0x00000000       0x60 ./src/cr_startup_lpc17.o
 .debug_ranges  0x00000060       0x18 ./src/main.o
 .debug_ranges  0x00000078       0x18 C:\Users\LUIGI\Documents\LPCXpresso_6.1.4_194\workspace2\Lib_CMSISv1p30_LPC17xx\Debug\libCMSISv1p30_LPC17xx.a(system_LPC17xx.o)
 .debug_ranges  0x00000090       0x18 C:\Users\LUIGI\Documents\LPCXpresso_6.1.4_194\workspace2\Lib_EaBaseBoard\Debug\libLib_EaBaseBoard.a(joystick.o)
 .debug_ranges  0x000000a8       0x18 C:\Users\LUIGI\Documents\LPCXpresso_6.1.4_194\workspace2\Lib_EaBaseBoard\Debug\libLib_EaBaseBoard.a(rgb.o)
 .debug_ranges  0x000000c0       0xe8 C:\Users\LUIGI\Documents\LPCXpresso_6.1.4_194\workspace2\Lib_MCU\Debug\libLib_MCU.a(lpc17xx_gpio.o)
 .debug_ranges  0x000001a8       0x98 C:\Users\LUIGI\Documents\LPCXpresso_6.1.4_194\workspace2\Lib_MCU\Debug\libLib_MCU.a(lpc17xx_timer.o)
 .debug_ranges  0x00000240       0x50 C:\Users\LUIGI\Documents\LPCXpresso_6.1.4_194\workspace2\Lib_MCU\Debug\libLib_MCU.a(lpc17xx_clkpwr.o)

.debug_line     0x00000000     0x2791
 .debug_line    0x00000000      0x374 ./src/cr_startup_lpc17.o
 .debug_line    0x00000374      0x3c8 ./src/main.o
 .debug_line    0x0000073c      0x413 C:\Users\LUIGI\Documents\LPCXpresso_6.1.4_194\workspace2\Lib_CMSISv1p30_LPC17xx\Debug\libCMSISv1p30_LPC17xx.a(system_LPC17xx.o)
 .debug_line    0x00000b4f      0x471 C:\Users\LUIGI\Documents\LPCXpresso_6.1.4_194\workspace2\Lib_EaBaseBoard\Debug\libLib_EaBaseBoard.a(joystick.o)
 .debug_line    0x00000fc0      0x45e C:\Users\LUIGI\Documents\LPCXpresso_6.1.4_194\workspace2\Lib_EaBaseBoard\Debug\libLib_EaBaseBoard.a(rgb.o)
 .debug_line    0x0000141e      0x6ba C:\Users\LUIGI\Documents\LPCXpresso_6.1.4_194\workspace2\Lib_MCU\Debug\libLib_MCU.a(lpc17xx_gpio.o)
 .debug_line    0x00001ad8      0x7e3 C:\Users\LUIGI\Documents\LPCXpresso_6.1.4_194\workspace2\Lib_MCU\Debug\libLib_MCU.a(lpc17xx_timer.o)
 .debug_line    0x000022bb      0x4d6 C:\Users\LUIGI\Documents\LPCXpresso_6.1.4_194\workspace2\Lib_MCU\Debug\libLib_MCU.a(lpc17xx_clkpwr.o)

.debug_macinfo  0x00000000    0x3fe61
 .debug_macinfo
                0x00000000     0x2c15 ./src/cr_startup_lpc17.o
 .debug_macinfo
                0x00002c15     0x8203 ./src/main.o
 .debug_macinfo
                0x0000ae18     0x83f8 C:\Users\LUIGI\Documents\LPCXpresso_6.1.4_194\workspace2\Lib_CMSISv1p30_LPC17xx\Debug\libCMSISv1p30_LPC17xx.a(system_LPC17xx.o)
 .debug_macinfo
                0x00013210     0x858c C:\Users\LUIGI\Documents\LPCXpresso_6.1.4_194\workspace2\Lib_EaBaseBoard\Debug\libLib_EaBaseBoard.a(joystick.o)
 .debug_macinfo
                0x0001b79c     0x854d C:\Users\LUIGI\Documents\LPCXpresso_6.1.4_194\workspace2\Lib_EaBaseBoard\Debug\libLib_EaBaseBoard.a(rgb.o)
 .debug_macinfo
                0x00023ce9     0x86b4 C:\Users\LUIGI\Documents\LPCXpresso_6.1.4_194\workspace2\Lib_MCU\Debug\libLib_MCU.a(lpc17xx_gpio.o)
 .debug_macinfo
                0x0002c39d     0xa4ce C:\Users\LUIGI\Documents\LPCXpresso_6.1.4_194\workspace2\Lib_MCU\Debug\libLib_MCU.a(lpc17xx_timer.o)
 .debug_macinfo
                0x0003686b     0x95f6 C:\Users\LUIGI\Documents\LPCXpresso_6.1.4_194\workspace2\Lib_MCU\Debug\libLib_MCU.a(lpc17xx_clkpwr.o)

.debug_str      0x00000000      0xef1
 .debug_str     0x00000000      0x1dd ./src/cr_startup_lpc17.o
                                0x211 (size before relaxing)
 .debug_str     0x000001dd       0x48 ./src/main.o
                                0x166 (size before relaxing)
 .debug_str     0x00000225      0x1d7 C:\Users\LUIGI\Documents\LPCXpresso_6.1.4_194\workspace2\Lib_CMSISv1p30_LPC17xx\Debug\libCMSISv1p30_LPC17xx.a(system_LPC17xx.o)
                                0x2a8 (size before relaxing)
 .debug_str     0x000003fc       0x90 C:\Users\LUIGI\Documents\LPCXpresso_6.1.4_194\workspace2\Lib_EaBaseBoard\Debug\libLib_EaBaseBoard.a(joystick.o)
                                0x175 (size before relaxing)
 .debug_str     0x0000048c       0x2a C:\Users\LUIGI\Documents\LPCXpresso_6.1.4_194\workspace2\Lib_EaBaseBoard\Debug\libLib_EaBaseBoard.a(rgb.o)
                                0x155 (size before relaxing)
 .debug_str     0x000004b6      0x493 C:\Users\LUIGI\Documents\LPCXpresso_6.1.4_194\workspace2\Lib_MCU\Debug\libLib_MCU.a(lpc17xx_gpio.o)
                                0x58c (size before relaxing)
 .debug_str     0x00000949      0x48f C:\Users\LUIGI\Documents\LPCXpresso_6.1.4_194\workspace2\Lib_MCU\Debug\libLib_MCU.a(lpc17xx_timer.o)
                                0x5f9 (size before relaxing)
 .debug_str     0x00000dd8      0x119 C:\Users\LUIGI\Documents\LPCXpresso_6.1.4_194\workspace2\Lib_MCU\Debug\libLib_MCU.a(lpc17xx_clkpwr.o)
                                0x3ae (size before relaxing)

.comment        0x00000000       0x70
 .comment       0x00000000       0x70 ./src/cr_startup_lpc17.o
                                 0x71 (size before relaxing)
 .comment       0x00000000       0x71 ./src/main.o
 .comment       0x00000000       0x71 C:\Users\LUIGI\Documents\LPCXpresso_6.1.4_194\workspace2\Lib_CMSISv1p30_LPC17xx\Debug\libCMSISv1p30_LPC17xx.a(system_LPC17xx.o)
 .comment       0x00000000       0x71 C:\Users\LUIGI\Documents\LPCXpresso_6.1.4_194\workspace2\Lib_EaBaseBoard\Debug\libLib_EaBaseBoard.a(joystick.o)
 .comment       0x00000000       0x71 C:\Users\LUIGI\Documents\LPCXpresso_6.1.4_194\workspace2\Lib_EaBaseBoard\Debug\libLib_EaBaseBoard.a(rgb.o)
 .comment       0x00000000       0x71 C:\Users\LUIGI\Documents\LPCXpresso_6.1.4_194\workspace2\Lib_MCU\Debug\libLib_MCU.a(lpc17xx_gpio.o)
 .comment       0x00000000       0x71 C:\Users\LUIGI\Documents\LPCXpresso_6.1.4_194\workspace2\Lib_MCU\Debug\libLib_MCU.a(lpc17xx_timer.o)
 .comment       0x00000000       0x71 C:\Users\LUIGI\Documents\LPCXpresso_6.1.4_194\workspace2\Lib_MCU\Debug\libLib_MCU.a(lpc17xx_clkpwr.o)

.ARM.attributes
                0x00000000       0x33
 .ARM.attributes
                0x00000000       0x33 ./src/cr_startup_lpc17.o
 .ARM.attributes
                0x00000033       0x33 ./src/main.o
 .ARM.attributes
                0x00000066       0x33 C:\Users\LUIGI\Documents\LPCXpresso_6.1.4_194\workspace2\Lib_CMSISv1p30_LPC17xx\Debug\libCMSISv1p30_LPC17xx.a(system_LPC17xx.o)
 .ARM.attributes
                0x00000099       0x33 C:\Users\LUIGI\Documents\LPCXpresso_6.1.4_194\workspace2\Lib_EaBaseBoard\Debug\libLib_EaBaseBoard.a(joystick.o)
 .ARM.attributes
                0x000000cc       0x33 C:\Users\LUIGI\Documents\LPCXpresso_6.1.4_194\workspace2\Lib_EaBaseBoard\Debug\libLib_EaBaseBoard.a(rgb.o)
 .ARM.attributes
                0x000000ff       0x33 C:\Users\LUIGI\Documents\LPCXpresso_6.1.4_194\workspace2\Lib_MCU\Debug\libLib_MCU.a(lpc17xx_gpio.o)
 .ARM.attributes
                0x00000132       0x33 C:\Users\LUIGI\Documents\LPCXpresso_6.1.4_194\workspace2\Lib_MCU\Debug\libLib_MCU.a(lpc17xx_timer.o)
 .ARM.attributes
                0x00000165       0x33 C:\Users\LUIGI\Documents\LPCXpresso_6.1.4_194\workspace2\Lib_MCU\Debug\libLib_MCU.a(lpc17xx_clkpwr.o)
 .ARM.attributes
                0x00000198       0x1d c:/nxp/lpcxpresso_6.1.4_194/lpcxpresso/tools/bin/../lib/gcc/arm-none-eabi/4.6.2/armv7-m\libgcc.a(_aeabi_uldivmod.o)
 .ARM.attributes
                0x000001b5       0x2d c:/nxp/lpcxpresso_6.1.4_194/lpcxpresso/tools/bin/../lib/gcc/arm-none-eabi/4.6.2/armv7-m\libgcc.a(bpabi.o)
 .ARM.attributes
                0x000001e2       0x1d c:/nxp/lpcxpresso_6.1.4_194/lpcxpresso/tools/bin/../lib/gcc/arm-none-eabi/4.6.2/armv7-m\libgcc.a(_dvmd_tls.o)
 .ARM.attributes
                0x000001ff       0x2d c:/nxp/lpcxpresso_6.1.4_194/lpcxpresso/tools/bin/../lib/gcc/arm-none-eabi/4.6.2/armv7-m\libgcc.a(_divdi3.o)
 .ARM.attributes
                0x0000022c       0x2d c:/nxp/lpcxpresso_6.1.4_194/lpcxpresso/tools/bin/../lib/gcc/arm-none-eabi/4.6.2/armv7-m\libgcc.a(_udivdi3.o)

.debug_frame    0x00000000      0x9d0
 .debug_frame   0x00000000      0x120 ./src/cr_startup_lpc17.o
 .debug_frame   0x00000120       0x4c ./src/main.o
 .debug_frame   0x0000016c       0x48 C:\Users\LUIGI\Documents\LPCXpresso_6.1.4_194\workspace2\Lib_CMSISv1p30_LPC17xx\Debug\libCMSISv1p30_LPC17xx.a(system_LPC17xx.o)
 .debug_frame   0x000001b4       0x4c C:\Users\LUIGI\Documents\LPCXpresso_6.1.4_194\workspace2\Lib_EaBaseBoard\Debug\libLib_EaBaseBoard.a(joystick.o)
 .debug_frame   0x00000200       0x4c C:\Users\LUIGI\Documents\LPCXpresso_6.1.4_194\workspace2\Lib_EaBaseBoard\Debug\libLib_EaBaseBoard.a(rgb.o)
 .debug_frame   0x0000024c      0x378 C:\Users\LUIGI\Documents\LPCXpresso_6.1.4_194\workspace2\Lib_MCU\Debug\libLib_MCU.a(lpc17xx_gpio.o)
 .debug_frame   0x000005c4      0x248 C:\Users\LUIGI\Documents\LPCXpresso_6.1.4_194\workspace2\Lib_MCU\Debug\libLib_MCU.a(lpc17xx_timer.o)
 .debug_frame   0x0000080c      0x10c C:\Users\LUIGI\Documents\LPCXpresso_6.1.4_194\workspace2\Lib_MCU\Debug\libLib_MCU.a(lpc17xx_clkpwr.o)
 .debug_frame   0x00000918       0x50 c:/nxp/lpcxpresso_6.1.4_194/lpcxpresso/tools/bin/../lib/gcc/arm-none-eabi/4.6.2/armv7-m\libgcc.a(bpabi.o)
 .debug_frame   0x00000968       0x34 c:/nxp/lpcxpresso_6.1.4_194/lpcxpresso/tools/bin/../lib/gcc/arm-none-eabi/4.6.2/armv7-m\libgcc.a(_divdi3.o)
 .debug_frame   0x0000099c       0x34 c:/nxp/lpcxpresso_6.1.4_194/lpcxpresso/tools/bin/../lib/gcc/arm-none-eabi/4.6.2/armv7-m\libgcc.a(_udivdi3.o)
